// Jest Snapshot v1, https://goo.gl/fbAQLP

exports[`Should render ExpenseList with empty expenses message 1`] = `
<div>
  <p>
    No expenses
  </p>
</div>
`;

exports[`Should render ExpenseList with expenses 1`] = `
<div>
  <ExpenseListItem
    amount={195}
    createdAt={0}
    description="Rant"
    id="1"
    key="1"
    note=""
  />
  <ExpenseListItem
    amount={192225}
    createdAt={-345600000}
    description="ea1"
    id="2"
    key="2"
    note=""
  />
  <ExpenseListItem
    amount={1922}
    createdAt={345600000}
    description="coiesa2"
    id="3"
    key="3"
    note=""
  />
</div>
`;
